Sushant Jasrotia@Accular MINGW64 ~
$ cd /c
Sushant Jasrotia@Accular MINGW64 /c
$ cd git/

Sushant Jasrotia@Accular MINGW64 /c/git
$ ls
		(for config
		Sushant Jasrotia@Accular MINGW64 /c/git
		$ git config --global user.name "sushantjasrotia"

		Sushant Jasrotia@Accular MINGW64 /c/git
		$ git config --global user.email "sushantjasrotia94@gmail.com"

		Sushant Jasrotia@Accular MINGW64 /c/git
		$ git clone https://github.com/sushantjasrotia/TestGit.git

		)

Sushant Jasrotia@Accular MINGW64 /c/git/TestGit (main)
$ git add  savefileingithub.txt

Sushant Jasrotia@Accular MINGW64 /c/git/TestGit (main)
$ git status
On branch main
Your branch is up to date with 'origin/main'.

Changes to be committed:
  (use "git restore --staged <file>..." to unstage)
        new file:   savefileingithub.txt


Sushant Jasrotia@Accular MINGW64 /c/git/TestGit (main)
$ git commit -m "first committe"  savefileingithub.txt
 
Sushant Jasrotia@Accular MINGW64 /c/git/TestGit (main)
$ git push -u origin main
 

Sushant Jasrotia@Accular MINGW64 /c/git/TestGit (main)
$





